C51 COMPILER V9.52.0.0   PXH                                                               06/10/2019 09:17:50 PAGE 1   


C51 COMPILER V9.52.0.0, COMPILATION OF MODULE PXH
OBJECT MODULE PLACED IN pxh.OBJ
COMPILER INVOKED BY: E:\Keil\C51\BIN\C51.EXE pxh.c BROWSE DEBUG OBJECTEXTEND TABS(2)

line level    source

   1           /********************************************************
   2          **名称：ADC0831模数转换实验
   3          **功能：0831采集电压并在数码管上精确的显示
   4          **时间：2017.3.15
   5          *********************************************************/
   6          #include<reg52.h>
   7          #include<intrins.h>
   8          
   9          /***********ad0832与单片机的接口定义**********************/
  10          sbit CS =P1^0;     
  11          sbit CLK=P1^1;
  12          sbit OUT=P1^2;   
  13          
  14          unsigned int key;
  15          unsigned char code tab[]={  0xc0,0xf9,0xa4,0xb0,0x99,0x92,0x82,0xf8,
  16                    0x80,0x90,0x88,0x83,0xc6,0xa1,0x86,0x8e,0xff};
  17          unsigned char temdat[]={0,0,0};  //低-高
  18          
  19          unsigned char adc0832(void);
  20          void display(unsigned char *pl);
  21          void delayms(unsigned char t);
  22          void main(void)
  23          {
  24   1        unsigned int i,tep;
  25   1        while(1)
  26   1        {
  27   2            tep=1.96*adc0832();
  28   2            key=key+tep;
  29   2            i++;
  30   2            if(i==30)     //平均值虑波,去除因每次采样值不同而跳动
  31   2            {
  32   3              key=key/30;
  33   3              temdat[2]=key/100;
  34   3              temdat[1]=key/10%10;
  35   3              temdat[0]=key%10; 
  36   3            //  display(temdat);  
  37   3              i=0;
  38   3              key=0;
  39   3            }
  40   2            display(temdat);
  41   2        }
  42   1      }
  43          /*********************************************
  44          **函数描述：AD采样函数
  45          **写入参数：无
  46          **返回参数：电压0-5V对应的8位二进制数即0—255
  47          ************************************************/
  48          unsigned char adc0832(void)
  49          {
  50   1        unsigned char i,l_key;
  51   1        OUT=1;
  52   1        CS=0;
  53   1        _nop_();_nop_();
  54   1        CLK=0;
  55   1        _nop_();_nop_();
C51 COMPILER V9.52.0.0   PXH                                                               06/10/2019 09:17:50 PAGE 2   

  56   1        CLK=1;
  57   1        _nop_();_nop_();
  58   1        CLK=0;
  59   1        _nop_();_nop_();
  60   1        CLK=1;
  61   1        _nop_();_nop_();
  62   1        CLK=0;
  63   1        _nop_();_nop_();  //ad0831是同步型模数转换器，根据时序写代码
  64   1        for(i=0;i<8;i++)
  65   1        {
  66   2          l_key<<=1;
  67   2          if(OUT)
  68   2            l_key++;
  69   2          CLK=1;
  70   2          _nop_();_nop_();
  71   2          CLK=0;
  72   2          _nop_();_nop_(); //两个时钟下降延后就输出第一个数据，是一个同步串行通信协议
  73   2        }
  74   1        CS=1;
  75   1        return l_key;
  76   1      }
  77          /********************************************************
  78          **名称：显示子函数       
  79          **功能：动态扫描P2口做为位选，P0口送段码
  80          **输入：pl指向要显示数据的地址，最后3位
  81          **返回：无
  82          *******************************************************/
  83          void display(unsigned char *pl)
  84          {
  85   1        P2=0x04;
  86   1        P0=tab[*pl];        //低
  87   1        delayms(3);
  88   1        P0=0xff;
  89   1        
  90   1        P2=0x02;
  91   1        P0=tab[*(pl+1)];      //中
  92   1        delayms(3);
  93   1        P0=0xff;
  94   1        
  95   1        P2=0x01;
  96   1        P0=tab[*(pl+2)]&0x7f;   //高  //高位数码管总是带小数，因为电压的范围：0—5V
  97   1        delayms(3);
  98   1        P0=0xff;     
  99   1      }
 100          
 101          void delayms(unsigned char t)
 102          {
 103   1        unsigned char x,y;
 104   1        for(x=t;x>0;x--)
 105   1          for(y=110;y>0;y--);
 106   1      }


MODULE INFORMATION:   STATIC OVERLAYABLE
   CODE SIZE        =    263    ----
   CONSTANT SIZE    =     17    ----
   XDATA SIZE       =   ----    ----
   PDATA SIZE       =   ----    ----
   DATA SIZE        =      5       5
   IDATA SIZE       =   ----    ----
   BIT SIZE         =   ----    ----
END OF MODULE INFORMATION.

C51 COMPILER V9.52.0.0   PXH                                                               06/10/2019 09:17:50 PAGE 3   


C51 COMPILATION COMPLETE.  0 WARNING(S),  0 ERROR(S)
