C51 COMPILER V9.01   PXH                                                                   01/04/2021 09:53:38 PAGE 1   


C51 COMPILER V9.01, COMPILATION OF MODULE PXH
OBJECT MODULE PLACED IN pxh.OBJ
COMPILER INVOKED BY: C:\Keil_v4\C51\BIN\C51.EXE pxh.c BROWSE DEBUG OBJECTEXTEND

line level    source

   1          /********************************
   2          **实验名称：I/0口输入输出实验
   3          **硬件连接：数据开关的8P插座与P0口的8P插座相连接，发光二极管的8P插座与P1相连接
   4          **实现功能：拨动数据开关为1时，对应的发光二极管亮；为0时，对应的发光二极管灭
   5          **编程时间：2017.3.8
   6          *********************************/
   7          #include<reg52.h>
   8          
   9          void main(void)
  10          {
  11   1              while(1)
  12   1              {
  13   2                      P1=P0;  
  14   2              }
  15   1      }


MODULE INFORMATION:   STATIC OVERLAYABLE
   CODE SIZE        =      5    ----
   CONSTANT SIZE    =   ----    ----
   XDATA SIZE       =   ----    ----
   PDATA SIZE       =   ----    ----
   DATA SIZE        =   ----    ----
   IDATA SIZE       =   ----    ----
   BIT SIZE         =   ----    ----
END OF MODULE INFORMATION.


C51 COMPILATION COMPLETE.  0 WARNING(S),  0 ERROR(S)
